20:32:43 **** Incremental Build of configuration Debug for project timer_OC_1 ****
make -j8 all 
Building file: ../Core/Src/main.c
Invoking: MCU GCC Compiler
C:\Users\aaron\Desktop\git_udemy_MCU2\workSpace\timer_OC_1\Debug
arm-none-eabi-gcc -mcpu=cortex-m4 -mthumb -mfloat-abi=hard -mfpu=fpv4-sp-d16 -DUSE_HAL_DRIVER -DSTM32F446xx -I"C:/Users/aaron/Desktop/git_udemy_MCU2/workSpace/timer_OC_1/Core/Inc" -I"C:/Users/aaron/Desktop/git_udemy_MCU2/workSpace/timer_OC_1/Drivers/STM32F4xx_HAL_Driver/Inc" -I"C:/Users/aaron/Desktop/git_udemy_MCU2/workSpace/timer_OC_1/Drivers/STM32F4xx_HAL_Driver/Inc/Legacy" -I"C:/Users/aaron/Desktop/git_udemy_MCU2/workSpace/timer_OC_1/Drivers/CMSIS/Device/ST/STM32F4xx/Include" -I"C:/Users/aaron/Desktop/git_udemy_MCU2/workSpace/timer_OC_1/Drivers/CMSIS/Include"  -O0 -g3 -Wall -fmessage-length=0 -ffunction-sections -c -fmessage-length=0 -MMD -MP -MF"Core/Src/main.d" -MT"Core/Src/main.o" -o "Core/Src/main.o" "../Core/Src/main.c"
Finished building: ../Core/Src/main.c
 
Building target: timer_OC_1.elf
Invoking: MCU GCC Linker
arm-none-eabi-gcc -mcpu=cortex-m4 -mthumb -mfloat-abi=hard -mfpu=fpv4-sp-d16 -specs=nosys.specs -specs=nano.specs -T"../STM32F446RETx_FLASH.ld" -Wl,-Map=output.map -Wl,--gc-sections -o "timer_OC_1.elf" @"objects.list"   -lm
Finished building target: timer_OC_1.elf
 
make --no-print-directory post-build
Generating hex and Printing size information:
arm-none-eabi-objcopy -O ihex "timer_OC_1.elf" "timer_OC_1.hex"
arm-none-eabi-size "timer_OC_1.elf"
   text	   data	    bss	    dec	    hex	filename
   6024	     36	   1644	   7704	   1e18	timer_OC_1.elf
 

20:32:44 Build Finished (took 1s.571ms)

