17:35:17 **** Incremental Build of configuration Debug for project timer_IC_2 ****
make -j8 all 
Building file: ../Core/Src/main.c
Invoking: MCU GCC Compiler
C:\Users\aaron\Desktop\git_udemy_MCU2\My_workspace\timer_IC_2\Debug
arm-none-eabi-gcc -mcpu=cortex-m4 -mthumb -mfloat-abi=hard -mfpu=fpv4-sp-d16 -DUSE_HAL_DRIVER -DSTM32F446xx -I"C:/Users/aaron/Desktop/git_udemy_MCU2/My_workspace/timer_IC_2/Core/Inc" -I"C:/Users/aaron/Desktop/git_udemy_MCU2/My_workspace/timer_IC_2/Drivers/STM32F4xx_HAL_Driver/Inc" -I"C:/Users/aaron/Desktop/git_udemy_MCU2/My_workspace/timer_IC_2/Drivers/STM32F4xx_HAL_Driver/Inc/Legacy" -I"C:/Users/aaron/Desktop/git_udemy_MCU2/My_workspace/timer_IC_2/Drivers/CMSIS/Device/ST/STM32F4xx/Include" -I"C:/Users/aaron/Desktop/git_udemy_MCU2/My_workspace/timer_IC_2/Drivers/CMSIS/Include"  -O0 -g3 -Wall -fmessage-length=0 -ffunction-sections -c -fmessage-length=0 -MMD -MP -MF"Core/Src/main.d" -MT"Core/Src/main.o" -o "Core/Src/main.o" "../Core/Src/main.c"
../Core/Src/main.c: In function 'main':
../Core/Src/main.c:35:48: warning: implicit declaration of function 'abs' [-Wimplicit-function-declaration]
    inputSingalFreq = 1 / (PCLK1Period * (float)abs(CCR_values[1] - CCR_values[0]));
                                                ^~~
../Core/Src/main.c: In function 'TIM6_Init':
../Core/Src/main.c:55:11: warning: variable 'pclk1' set but not used [-Wunused-but-set-variable]
  uint32_t pclk1;
           ^~~~~
Finished building: ../Core/Src/main.c
 
Building target: timer_IC_2.elf
Invoking: MCU GCC Linker
arm-none-eabi-gcc -mcpu=cortex-m4 -mthumb -mfloat-abi=hard -mfpu=fpv4-sp-d16 -specs=nosys.specs -specs=nano.specs -T"../STM32F446RETx_FLASH.ld" -Wl,-Map=output.map -Wl,--gc-sections -o "timer_IC_2.elf" @"objects.list"   -lm
Finished building target: timer_IC_2.elf
 
make --no-print-directory post-build
Generating hex and Printing size information:
arm-none-eabi-objcopy -O ihex "timer_IC_2.elf" "timer_IC_2.hex"
arm-none-eabi-size "timer_IC_2.elf"
   text	   data	    bss	    dec	    hex	filename
   6268	     20	   1732	   8020	   1f54	timer_IC_2.elf
 

17:35:19 Build Finished (took 1s.587ms)

